(base) pabfernandes@MintTuia:~$ cd Projects
(base) pabfernandes@MintTuia:~/Projects$ cd Python/
(base) pabfernandes@MintTuia:~/Projects/Python$ cd data_science/data_science_do_zero/
(base) pabfernandes@MintTuia:~/Projects/Python/data_science/data_science_do_zero$ git sttus
git: 'sttus' is not a git command. See 'git --help'.

The most similar command is
	status
(base) pabfernandes@MintTuia:~/Projects/Python/data_science/data_science_do_zero$ git status
On branch main
Your branch is up to date with 'origin/main'.

Changes not staged for commit:
  (use "git add <file>..." to update what will be committed)
  (use "git restore <file>..." to discard changes in working directory)
	modified:   Chapter_02_examples.ipynb

no changes added to commit (use "git add" and/or "git commit -a")
(base) pabfernandes@MintTuia:~/Projects/Python/data_science/data_science_do_zero$ git add Chapter_02_examples.ipynb 
(base) pabfernandes@MintTuia:~/Projects/Python/data_science/data_science_do_zero$ git commit -m "classes and objects"

*** Please tell me who you are.

Run

  git config --global user.email "you@example.com"
  git config --global user.name "Your Name"

to set your account's default identity.
Omit --global to set the identity only in this repository.

fatal: unable to auto-detect email address (got 'pabfernandes@MintTuia.(none)')
(base) pabfernandes@MintTuia:~/Projects/Python/data_science/data_science_do_zero$ git config --global user.email "palexandre.fernandes@gmail.com"
(base) pabfernandes@MintTuia:~/Projects/Python/data_science/data_science_do_zero$ git config --global user.name "Paulo Fernandes"
(base) pabfernandes@MintTuia:~/Projects/Python/data_science/data_science_do_zero$ git commit -m "classes and objects"
[main e3fd537] classes and objects
 1 file changed, 70 insertions(+), 3 deletions(-)
(base) pabfernandes@MintTuia:~/Projects/Python/data_science/data_science_do_zero$ git remote
origin
(base) pabfernandes@MintTuia:~/Projects/Python/data_science/data_science_do_zero$ git push origin main
Username for 'https://github.com': pabfernandes
Password for 'https://pabfernandes@github.com': 
remote: Support for password authentication was removed on August 13, 2021.
remote: Please see https://docs.github.com/en/get-started/getting-started-with-git/about-remote-repositories#cloning-with-https-urls for information on currently recommended modes of authentication.
fatal: Authentication failed for 'https://github.com/pabfernandes/data_science_do_zero.git/'
(base) pabfernandes@MintTuia:~/Projects/Python/data_science/data_science_do_zero$ git push origin main
Username for 'https://github.com': pabfernandes
Password for 'https://pabfernandes@github.com': 
remote: Support for password authentication was removed on August 13, 2021.
remote: Please see https://docs.github.com/en/get-started/getting-started-with-git/about-remote-repositories#cloning-with-https-urls for information on currently recommended modes of authentication.
fatal: Authentication failed for 'https://github.com/pabfernandes/data_science_do_zero.git/'
(base) pabfernandes@MintTuia:~/Projects/Python/data_science/data_science_do_zero$ git push origin main
Username for 'https://github.com': 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
Password for 'https://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@github.com': 
remote: Support for password authentication was removed on August 13, 2021.
remote: Please see https://docs.github.com/en/get-started/getting-started-with-git/about-remote-repositories#cloning-with-https-urls for information on currently recommended modes of authentication.
fatal: Authentication failed for 'https://github.com/pabfernandes/data_science_do_zero.git/'
(base) pabfernandes@MintTuia:~/Projects/Python/data_science/data_science_do_zero$ git push origin main
Username for 'https://github.com': pabfernandes	
Password for 'https://pabfernandes@github.com': 
remote: Support for password authentication was removed on August 13, 2021.
remote: Please see https://docs.github.com/en/get-started/getting-started-with-git/about-remote-repositories#cloning-with-https-urls for information on currently recommended modes of authentication.
fatal: Authentication failed for 'https://github.com/pabfernandes/data_science_do_zero.git/'
(base) pabfernandes@MintTuia:~/Projects/Python/data_science/data_science_do_zero$ git-credential-manager-core configure
Configuring component 'Git Credential Manager'...
Configuring component 'Azure Repos provider'...
(base) pabfernandes@MintTuia:~/Projects/Python/data_science/data_science_do_zero$ git push origin main
fatal: No credential store has been selected.

Set the GCM_CREDENTIAL_STORE environment variable or the credential.credentialStore Git configuration setting to one of the following options:

  secretservice : freedesktop.org Secret Service (requires graphical interface)
  gpg           : GNU `pass` compatible credential storage (requires GPG and `pass`)
  cache         : Git's in-memory credential cache
  plaintext     : store credentials in plain-text files (UNSECURE)

See https://aka.ms/gcm/credstores for more information.

Username for 'https://github.com': pabfernandes 
Password for 'https://pabfernandes@github.com': 
fatal: No credential store has been selected.

Set the GCM_CREDENTIAL_STORE environment variable or the credential.credentialStore Git configuration setting to one of the following options:

  secretservice : freedesktop.org Secret Service (requires graphical interface)
  gpg           : GNU `pass` compatible credential storage (requires GPG and `pass`)
  cache         : Git's in-memory credential cache
  plaintext     : store credentials in plain-text files (UNSECURE)

See https://aka.ms/gcm/credstores for more information.

remote: Support for password authentication was removed on August 13, 2021.
remote: Please see https://docs.github.com/en/get-started/getting-started-with-git/about-remote-repositories#cloning-with-https-urls for information on currently recommended modes of authentication.
(base) pabfernandes@MintTuia:~/Projects/Python/data_science/data_science_do_zero$ 
(base) pabfernandes@MintTuia:~/Projects/Python/data_science/data_science_do_zero$ gpg --gen-key
gpg (GnuPG) 2.2.19; Copyright (C) 2019 Free Software Foundation, Inc.
This is free software: you are free to change and redistribute it.
There is NO WARRANTY, to the extent permitted by law.

gpg: keybox '/home/pabfernandes/.gnupg/pubring.kbx' created
Note: Use "gpg --full-generate-key" for a full featured key generation dialog.

GnuPG needs to construct a user ID to identify your key.

Real name: Paulo Fernandes
Email address: palexandre.fernandes@gmail.com
You selected this USER-ID:
    "Paulo Fernandes <palexandre.fernandes@gmail.com>"

Change (N)ame, (E)mail, or (O)kay/(Q)uit? o
We need to generate a lot of random bytes. It is a good idea to perform
some other action (type on the keyboard, move the mouse, utilize the
disks) during the prime generation; this gives the random number
generator a better chance to gain enough entropy.
We need to generate a lot of random bytes. It is a good idea to perform
some other action (type on the keyboard, move the mouse, utilize the
disks) during the prime generation; this gives the random number
generator a better chance to gain enough entropy.
gpg: /home/pabfernandes/.gnupg/trustdb.gpg: trustdb created
gpg: key DE3BBEF702085E22 marked as ultimately trusted
gpg: directory '/home/pabfernandes/.gnupg/openpgp-revocs.d' created
gpg: revocation certificate stored as '/home/pabfernandes/.gnupg/openpgp-revocs.d/C101543BD415572C720437E2DE3BBEF702085E22.rev'
public and secret key created and signed.

pub   rsa3072 2022-10-15 [SC] [expires: 2024-10-14]
      C101543BD415572C720437E2DE3BBEF702085E22
uid                      Paulo Fernandes <palexandre.fernandes@gmail.com>
sub   rsa3072 2022-10-15 [E] [expires: 2024-10-14]

(base) pabfernandes@MintTuia:~/Projects/Python/data_science/data_science_do_zero$ pass init 

Command 'pass' not found, but can be installed with:

sudo apt install pass

(base) pabfernandes@MintTuia:~/Projects/Python/data_science/data_science_do_zero$ sudo apt-get install pass
[sudo] password for pabfernandes:                
Reading package lists... Done
Building dependency tree       
Reading state information... Done
The following packages were automatically installed and are no longer required:
  linux-headers-5.4.0-100 linux-headers-5.4.0-100-generic linux-headers-5.4.0-109 linux-headers-5.4.0-109-generic linux-image-5.4.0-100-generic
  linux-image-5.4.0-109-generic linux-modules-5.4.0-100-generic linux-modules-5.4.0-109-generic linux-modules-extra-5.4.0-100-generic
  linux-modules-extra-5.4.0-109-generic
Use 'sudo apt autoremove' to remove them.
The following additional packages will be installed:
  libqrencode4 qrencode tree xclip
Suggested packages:
  python libxml-simple-perl ruby
The following NEW packages will be installed:
  libqrencode4 pass qrencode tree xclip
0 upgraded, 5 newly installed, 0 to remove and 3 not upgraded.
Need to get 147 kB of archives.
After this operation, 465 kB of additional disk space will be used.
Do you want to continue? [Y/n] y
Get:1 http://sft.if.usp.br/ubuntu focal/universe amd64 libqrencode4 amd64 4.0.2-2 [23,6 kB]
Get:2 http://sft.if.usp.br/ubuntu focal/universe amd64 tree amd64 1.8.0-1 [43,0 kB]
Get:3 http://sft.if.usp.br/ubuntu focal/universe amd64 pass all 1.7.3-2 [37,6 kB]
Get:4 http://sft.if.usp.br/ubuntu focal/universe amd64 qrencode amd64 4.0.2-2 [24,0 kB]
Get:5 http://sft.if.usp.br/ubuntu focal/universe amd64 xclip amd64 0.13-1 [18,4 kB]
Fetched 147 kB in 0s (388 kB/s)   
Selecting previously unselected package libqrencode4:amd64.
(Reading database ... 437272 files and directories currently installed.)
Preparing to unpack .../libqrencode4_4.0.2-2_amd64.deb ...
Unpacking libqrencode4:amd64 (4.0.2-2) ...
Selecting previously unselected package tree.
Preparing to unpack .../tree_1.8.0-1_amd64.deb ...
Unpacking tree (1.8.0-1) ...
Selecting previously unselected package pass.
Preparing to unpack .../archives/pass_1.7.3-2_all.deb ...
Unpacking pass (1.7.3-2) ...
Selecting previously unselected package qrencode.
Preparing to unpack .../qrencode_4.0.2-2_amd64.deb ...
Unpacking qrencode (4.0.2-2) ...
Selecting previously unselected package xclip.
Preparing to unpack .../xclip_0.13-1_amd64.deb ...
Unpacking xclip (0.13-1) ...
Setting up libqrencode4:amd64 (4.0.2-2) ...
Setting up qrencode (4.0.2-2) ...
Setting up tree (1.8.0-1) ...
Setting up xclip (0.13-1) ...
Setting up pass (1.7.3-2) ...
Processing triggers for man-db (2.9.1-1) ...
Processing triggers for libc-bin (2.31-0ubuntu9.9) ...
(base) pabfernandes@MintTuia:~/Projects/Python/data_science/data_science_do_zero$ ls
Chapter_01_examples.py  Chapter_02_examples.ipynb
(base) pabfernandes@MintTuia:~/Projects/Python/data_science/data_science_do_zero$ pass init
Usage: pass init [--path=subfolder,-p subfolder] gpg-id...
(base) pabfernandes@MintTuia:~/Projects/Python/data_science/data_science_do_zero$ pass init^C
(base) pabfernandes@MintTuia:~/Projects/Python/data_science/data_science_do_zero$ pass init C101543BD415572C720437E2DE3BBEF702085E22
mkdir: created directory '/home/pabfernandes/.password-store/'
Password store initialized for C101543BD415572C720437E2DE3BBEF702085E22
(base) pabfernandes@MintTuia:~/Projects/Python/data_science/data_science_do_zero$ git config --global credential.credentialStore gpg 
(base) pabfernandes@MintTuia:~/Projects/Python/data_science/data_science_do_zero$ git push origin main

